
> varsiti@0.1.0 build
> next build

Γû▓ Next.js 16.2.4 (Turbopack)
- Environments: .env.local

  Creating an optimized production build ...
Γ£ô Compiled successfully in 65s
  Running TypeScript ...
cmd : Failed to type check.
At line:1 char:1
+ cmd /c npm run build > "e:\Hafiz Muhammad Taha\OOP-Exam\varsiti\build ...
+ ~~~~~~~~~~~~~~~~~~~~~~~~~~~~~~~~~~~~~~~~~~~~~~~~~~~~~~~~~~~~~~~~~~~~~
    + CategoryInfo          : NotSpecified: (Failed to type check.:String) [], 
    RemoteException
    + FullyQualifiedErrorId : NativeCommandError
 

.next/dev/types/validator.ts:17:3
Type error: Cannot find name 'AppRoutes'.

  [90m15 |[0m
  [90m16 |[0m
[31m[1m>[0m [90m17 |[0m { [33mAppRoutes[0m, [33mLayoutRoutes[0m, 
[33mParamMap[0m, [33mAppRouteHandlerRoutes[0m } [36mfrom[0m 
[32m"./routes.js"[0m
  [90m   |[0m   [31m[1m^[0m
  [90m18 |[0m [36mimport[0m [36mtype[0m { [33mResolvingMetadata[0m, 
[33mResolvingViewport[0m } [36mfrom[0m [32m"next/types.js"[0m
  [90m19 |[0m [36mimport[0m [36mtype[0m { [33mNextRequest[0m } 
[36mfrom[0m [32m'next/server.js'[0m
  [90m20 |[0m
Next.js build worker exited with code: 1 and signal: null
